kotlin version: 2.2.20
error message: Incremental compilation failed: The following FqNames can't be derived from DirtyData.dirtyLookupSymbols: com.bubble.shared.signal.PeerMessage.
DirtyData = DirtyData(dirtyLookupSymbols=[LookupSymbol(name=<SAM-CONSTRUCTOR>, scope=com.bubble.shared.haptics.HapticEngine), LookupSymbol(name=serializer, scope=com.bubble.shared.signal.PeerMessage.Companion), LookupSymbol(name=MessageCipher, scope=com.bubble.shared.crypto), LookupSymbol(name=secureRandomBytes, scope=com.bubble.shared.crypto), LookupSymbol(name=<SAM-CONSTRUCTOR>, scope=com.bubble.shared.signal.PeerMessage.Companion), LookupSymbol(name=playRadarPulse, scope=com.bubble.shared.haptics.HapticEngine), LookupSymbol(name=<SAM-CONSTRUCTOR>, scope=com.bubble.shared.signal.PeerMessage), LookupSymbol(name=<SAM-CONSTRUCTOR>, scope=com.bubble.shared.core.BubbleStateManager), LookupSymbol(name=Companion, scope=com.bubble.shared.signal.PeerMessage), LookupSymbol(name=LinkCoordinator, scope=com.bubble.shared.signal), LookupSymbol(name=Signal, scope=com.bubble.shared.signal.PeerMessage), LookupSymbol(name=BubbleStateManager, scope=com.bubble.shared.core), LookupSymbol(name=activeCoupon, scope=com.bubble.shared.core.BubbleStateManager), LookupSymbol(name=radarSeeking, scope=com.bubble.shared.core.BubbleStateManager), LookupSymbol(name=AeadMessageCipher, scope=com.bubble.shared.crypto), LookupSymbol(name=PairingCrypto, scope=com.bubble.shared.crypto), LookupSymbol(name=onCouponRead, scope=com.bubble.shared.core.BubbleStateManager), LookupSymbol(name=Companion, scope=com.bubble.shared.signal.SignalPayload), LookupSymbol(name=activePrompt, scope=com.bubble.shared.core.BubbleStateManager), LookupSymbol(name=outgoingPlayful, scope=com.bubble.shared.core.BubbleStateManager), LookupSymbol(name=sendPlayful, scope=com.bubble.shared.core.BubbleStateManager), LookupSymbol(name=SignalPayload, scope=com.bubble.shared.signal), LookupSymbol(name=<SAM-CONSTRUCTOR>, scope=com.bubble.shared.signal.SignalPayload), LookupSymbol(name=clearPrompt, scope=com.bubble.shared.core.BubbleStateManager), LookupSymbol(name=onRadarFingerMove, scope=com.bubble.shared.core.BubbleStateManager), LookupSymbol(name=<SAM-CONSTRUCTOR>, scope=com.bubble.shared.crypto), LookupSymbol(name=Playful, scope=com.bubble.shared.signal.SignalPayload)], dirtyClassesFqNames=[com.bubble.shared.crypto, com.bubble.shared.haptics.HapticEngine, com.bubble.shared.crypto.PairingCrypto, com.bubble.shared.signal.SignalPayload, com.bubble.shared.crypto.MessageCipher, com.bubble.shared.signal.PeerMessage.Signal, com.bubble.shared.crypto.AeadMessageCipher, com.bubble.shared.signal.SignalPayload.Companion, com.bubble.shared.signal.LinkCoordinator, com.bubble.shared.signal.PeerMessage, com.bubble.shared.signal.PeerMessage.Companion, com.bubble.shared.core.BubbleStateManager], dirtyClassesFqNamesForceRecompile=[])
java.lang.IllegalStateException: The following FqNames can't be derived from DirtyData.dirtyLookupSymbols: com.bubble.shared.signal.PeerMessage.
DirtyData = DirtyData(dirtyLookupSymbols=[LookupSymbol(name=<SAM-CONSTRUCTOR>, scope=com.bubble.shared.haptics.HapticEngine), LookupSymbol(name=serializer, scope=com.bubble.shared.signal.PeerMessage.Companion), LookupSymbol(name=MessageCipher, scope=com.bubble.shared.crypto), LookupSymbol(name=secureRandomBytes, scope=com.bubble.shared.crypto), LookupSymbol(name=<SAM-CONSTRUCTOR>, scope=com.bubble.shared.signal.PeerMessage.Companion), LookupSymbol(name=playRadarPulse, scope=com.bubble.shared.haptics.HapticEngine), LookupSymbol(name=<SAM-CONSTRUCTOR>, scope=com.bubble.shared.signal.PeerMessage), LookupSymbol(name=<SAM-CONSTRUCTOR>, scope=com.bubble.shared.core.BubbleStateManager), LookupSymbol(name=Companion, scope=com.bubble.shared.signal.PeerMessage), LookupSymbol(name=LinkCoordinator, scope=com.bubble.shared.signal), LookupSymbol(name=Signal, scope=com.bubble.shared.signal.PeerMessage), LookupSymbol(name=BubbleStateManager, scope=com.bubble.shared.core), LookupSymbol(name=activeCoupon, scope=com.bubble.shared.core.BubbleStateManager), LookupSymbol(name=radarSeeking, scope=com.bubble.shared.core.BubbleStateManager), LookupSymbol(name=AeadMessageCipher, scope=com.bubble.shared.crypto), LookupSymbol(name=PairingCrypto, scope=com.bubble.shared.crypto), LookupSymbol(name=onCouponRead, scope=com.bubble.shared.core.BubbleStateManager), LookupSymbol(name=Companion, scope=com.bubble.shared.signal.SignalPayload), LookupSymbol(name=activePrompt, scope=com.bubble.shared.core.BubbleStateManager), LookupSymbol(name=outgoingPlayful, scope=com.bubble.shared.core.BubbleStateManager), LookupSymbol(name=sendPlayful, scope=com.bubble.shared.core.BubbleStateManager), LookupSymbol(name=SignalPayload, scope=com.bubble.shared.signal), LookupSymbol(name=<SAM-CONSTRUCTOR>, scope=com.bubble.shared.signal.SignalPayload), LookupSymbol(name=clearPrompt, scope=com.bubble.shared.core.BubbleStateManager), LookupSymbol(name=onRadarFingerMove, scope=com.bubble.shared.core.BubbleStateManager), LookupSymbol(name=<SAM-CONSTRUCTOR>, scope=com.bubble.shared.crypto), LookupSymbol(name=Playful, scope=com.bubble.shared.signal.SignalPayload)], dirtyClassesFqNames=[com.bubble.shared.crypto, com.bubble.shared.haptics.HapticEngine, com.bubble.shared.crypto.PairingCrypto, com.bubble.shared.signal.SignalPayload, com.bubble.shared.crypto.MessageCipher, com.bubble.shared.signal.PeerMessage.Signal, com.bubble.shared.crypto.AeadMessageCipher, com.bubble.shared.signal.SignalPayload.Companion, com.bubble.shared.signal.LinkCoordinator, com.bubble.shared.signal.PeerMessage, com.bubble.shared.signal.PeerMessage.Companion, com.bubble.shared.core.BubbleStateManager], dirtyClassesFqNamesForceRecompile=[])
	at org.jetbrains.kotlin.incremental.classpathDiff.ClasspathChangesComputer.toProgramSymbols(ClasspathChangesComputer.kt:364)
	at org.jetbrains.kotlin.incremental.classpathDiff.ClasspathChangesComputer.computeFineGrainedKotlinClassChanges(ClasspathChangesComputer.kt:264)
	at org.jetbrains.kotlin.incremental.classpathDiff.ClasspathChangesComputer.computeKotlinClassChanges(ClasspathChangesComputer.kt:164)
	at org.jetbrains.kotlin.incremental.classpathDiff.ClasspathChangesComputer.computeClassChanges(ClasspathChangesComputer.kt:137)
	at org.jetbrains.kotlin.incremental.classpathDiff.ClasspathChangesComputer.computeChangedAndImpactedSet(ClasspathChangesComputer.kt:87)
	at org.jetbrains.kotlin.incremental.classpathDiff.ClasspathChangesComputer.computeClasspathChanges(ClasspathChangesComputer.kt:55)
	at org.jetbrains.kotlin.incremental.dirtyFiles.ClasspathSnapshotBasedImpactDeterminer.determineChangedAndImpactedSymbols(ClasspathSnapshotBasedImpactDeterminer.kt:42)
	at org.jetbrains.kotlin.incremental.dirtyFiles.JvmSourcesToCompileCalculator.calculateSourcesToCompileImpl(JvmSourcesToCompileCalculator.kt:41)
	at org.jetbrains.kotlin.incremental.dirtyFiles.JvmSourcesToCompileCalculator.calculateWithClasspathSnapshot(JvmSourcesToCompileCalculator.kt:97)
	at org.jetbrains.kotlin.incremental.IncrementalJvmCompilerRunner.calculateSourcesToCompile(IncrementalJvmCompilerRunner.kt:60)
	at org.jetbrains.kotlin.incremental.IncrementalJvmCompilerRunner.calculateSourcesToCompile(IncrementalJvmCompilerRunner.kt:23)
	at org.jetbrains.kotlin.incremental.IncrementalCompilerRunner.tryCompileIncrementally$lambda$0$compile(IncrementalCompilerRunner.kt:225)
	at org.jetbrains.kotlin.incremental.IncrementalCompilerRunner.tryCompileIncrementally(IncrementalCompilerRunner.kt:267)
	at org.jetbrains.kotlin.incremental.IncrementalCompilerRunner.compile(IncrementalCompilerRunner.kt:119)
	at org.jetbrains.kotlin.daemon.CompileServiceImplBase.execIncrementalCompiler(CompileServiceImpl.kt:684)
	at org.jetbrains.kotlin.daemon.CompileServiceImplBase.access$execIncrementalCompiler(CompileServiceImpl.kt:94)
	at org.jetbrains.kotlin.daemon.CompileServiceImpl.compile(CompileServiceImpl.kt:1810)
	at java.base/jdk.internal.reflect.DirectMethodHandleAccessor.invoke(DirectMethodHandleAccessor.java:104)
	at java.base/java.lang.reflect.Method.invoke(Method.java:565)
	at java.rmi/sun.rmi.server.UnicastServerRef.dispatch(UnicastServerRef.java:351)
	at java.rmi/sun.rmi.transport.Transport.serviceCall(Transport.java:166)
	at java.rmi/sun.rmi.transport.tcp.TCPTransport.handleMessages(TCPTransport.java:543)
	at java.rmi/sun.rmi.transport.tcp.TCPTransport$ConnectionHandler.run0(TCPTransport.java:744)
	at java.rmi/sun.rmi.transport.tcp.TCPTransport$ConnectionHandler.run(TCPTransport.java:623)
	at java.base/java.util.concurrent.ThreadPoolExecutor.runWorker(ThreadPoolExecutor.java:1090)
	at java.base/java.util.concurrent.ThreadPoolExecutor$Worker.run(ThreadPoolExecutor.java:614)
	at java.base/java.lang.Thread.run(Thread.java:1474)


